[host-run] waiting for shared compute textbutler-owner-search-focused-final (1/4 permits)
[host-run] admitted textbutler-owner-search-focused-final after 0.0s
bun test v1.3.14 (0d9b296a)

packages/textbutler/src/habitat-agent.test.ts:
(pass) JavaScript is owner-granted, executes pure calculations and records only a code digest label [80.01ms]
(pass) JavaScript failures remain bounded observations and the normal two-tool budget applies [155.97ms]
(pass) memory-search reads only the contact archive and retains retrieved source provenance after submission [24.87ms]
(pass) classification and composition share one model call; only an actual receipt creates learning evidence [9.50ms]
(pass) initial reflection is retained without promotion and setup failures have a finite retry budget [15.07ms]
(pass) background evolution replays both plans, judges blinded variants and retains the full evidence chain [24.63ms]
(pass) public search queries refuse identifier shapes, private spans and private proper nouns [0.70ms]
(pass) long ordinary tool observations fit the judge budget without changing stored evidence [42.19ms]
(pass) long escape-heavy tool observations fit the judge budget without changing stored evidence [43.51ms]
(pass) a web-search request under the default plan is refused before any provider call [10.28ms]
(pass) evolution backoff resets its attempt cycle once firstAt ages past six hours [5.47ms]
(pass) recorded episode context follows the champion plan's context window [10.36ms]
(pass) low-confidence outputs carrying actions or tools are clamped to silence [17.66ms]
(pass) the decision contract tells the model shares without an explicit ask stay silent [8.95ms]
(pass) a keyword invocation that the model leaves silent gets one insistent retry; an inferred one stays silent [30.82ms]
(pass) driver outputs that omit the tool field parse as no tool [19.97ms]
(pass) low confidence stays silent and unsupported rich actions cannot be proposed as text [17.88ms]
(pass) submitted episodes retain bounded completed tool outcomes and actual action kinds [17.11ms]
(pass) tool outcomes never become learning episodes after silence, failure, or an over-bound query [30.61ms]
(pass) contact invalidation rejects cached replies and preserves another contact's cache [14.89ms]
(pass) invalidation while loading contact guidance rejects before inference [7.24ms]
(pass) invalidation rejects an in-flight model even when the provider ignores cancellation [9.79ms]
(pass) contact invalidation cancels only its own in-flight evolution [10.67ms]
(pass) tool inventory and dispatch both reject web search on a local driver [9.66ms]
(pass) gateway search rejects private names and phrases found only in owner plan guidance [41.77ms]
(pass) a refused public query stays inside the search budget and a fresh phrasing may still run once [12.00ms]
(pass) repeated private query wording yields specific feedback and a final safe reply [11.52ms]
(pass) an explicit owner self-chat search uses only an admitted subset of the requested public topic [14.35ms]
(pass) an explicit owner search with no safe subset replies without a third model call or web request [33.11ms]
(pass) an owner prohibition blocks web dispatch even when the model proposes an otherwise admitted query [53.87ms]
(pass) a negated or conditional owner search cannot be shortened into the opposite request [24.73ms]
(pass) a quoted search phrase is not treated as an owner search directive [9.11ms]
(pass) a direct owner search cannot claim current facts without executing its search [7.33ms]
(pass) an inferred reply cannot present current facts after a refused query echoing its trigger [11.26ms]
(pass) guidance-derived location cannot turn a refused search into invented weather [11.34ms]
(pass) standalone butler help remains answerable after an unnecessary refused search [9.94ms]
(pass) refused search preserves a later tool-backed answer and deliberate silence [47.07ms]
(pass) one web search exhausts the reply's search inventory and dispatch budget [11.52ms]
(pass) meme image availability requires an admitted search result and attachment support [9.50ms]
(pass) learning records all eight accepted actions including the trusted disclosure companion [9.83ms]
(pass) memory fits every tool step and records the final view plus compact prior exposure [21.29ms]
(pass) remembered private names cannot escape through gateway search [11.48ms]
(pass) owner-authored soul details are included in public-search privacy checks [10.77ms]
(pass) reflection learns a long trigger also shown in clipped history without another model call [11.23ms]
(pass) reflection memory deltas preserve older contact notes when learning a new relationship preference [11.64ms]
(pass) repo tools stay hidden without owner opt-in and dispatch through the shelf port when enabled [18.58ms]
(pass) owner intents on the self conversation answer deterministically without a model call [11.58ms]
(pass) events on ordinary chats never reach the owner intent resolver [17.52ms]
(pass) a stray action beside a tool request is discarded while the tool runs [11.22ms]
(pass) a tool nested inside the actions array is salvaged and run [11.72ms]
(pass) a {tool:{...}} wrapper inside the actions array is salvaged and run [9.60ms]
(pass) an invalid tool-shaped action stays an action and fails closed [8.04ms]
(pass) an explicit top-level tool wins over a salvaged action tool [11.18ms]
(pass) history-search is offered only when enabled, and pages the conversation through the provider [36.73ms]

 54 pass
 0 fail
 415 expect() calls
Ran 54 tests across 1 file. [1259.00ms]
