bun test v1.3.14 (0d9b296a)

packages/textbutler/src/habitat-agent.test.ts:
(pass) JavaScript is owner-granted, executes pure calculations and records only a code digest label [78.75ms]
(pass) JavaScript failures remain bounded observations and the normal two-tool budget applies [150.08ms]
(pass) memory-search reads only the contact archive and retains retrieved source provenance after submission [31.26ms]
(pass) classification and composition share one model call; only an actual receipt creates learning evidence [9.42ms]
(pass) initial reflection is retained without promotion and setup failures have a finite retry budget [16.14ms]
(pass) background evolution replays both plans, judges blinded variants and retains the full evidence chain [18.28ms]
(pass) public search queries refuse identifier shapes, private spans and private proper nouns [0.52ms]
(pass) long ordinary tool observations fit the judge budget without changing stored evidence [44.06ms]
(pass) long escape-heavy tool observations fit the judge budget without changing stored evidence [44.22ms]
(pass) a web-search request under the default plan is refused before any provider call [10.39ms]
(pass) evolution backoff resets its attempt cycle once firstAt ages past six hours [5.53ms]
(pass) recorded episode context follows the champion plan's context window [10.58ms]
(pass) low-confidence outputs carrying actions or tools are clamped to silence [16.39ms]
(pass) the decision contract tells the model shares without an explicit ask stay silent [9.64ms]
(pass) a keyword invocation that the model leaves silent gets one insistent retry; an inferred one stays silent [30.69ms]
(pass) driver outputs that omit the tool field parse as no tool [18.76ms]
(pass) low confidence stays silent and unsupported rich actions cannot be proposed as text [17.22ms]
(pass) submitted episodes retain bounded completed tool outcomes and actual action kinds [16.67ms]
(pass) tool outcomes never become learning episodes after silence, failure, or an over-bound query [27.75ms]
(pass) contact invalidation rejects cached replies and preserves another contact's cache [12.54ms]
(pass) invalidation while loading contact guidance rejects before inference [7.30ms]
(pass) invalidation rejects an in-flight model even when the provider ignores cancellation [8.79ms]
(pass) contact invalidation cancels only its own in-flight evolution [7.04ms]
(pass) tool inventory and dispatch both reject web search on a local driver [11.18ms]
(pass) gateway search rejects private names and phrases found only in owner plan guidance [40.62ms]
(pass) a refused public query stays inside the search budget and a fresh phrasing may still run once [10.38ms]
(pass) one web search exhausts the reply's search inventory and dispatch budget [10.88ms]
(pass) meme image availability requires an admitted search result and attachment support [10.17ms]
(pass) learning records all eight accepted actions including the trusted disclosure companion [9.54ms]
(pass) memory fits every tool step and records the final view plus compact prior exposure [20.87ms]
(pass) remembered private names cannot escape through gateway search [10.22ms]
(pass) owner-authored soul details are included in public-search privacy checks [9.43ms]
(pass) reflection learns a long trigger also shown in clipped history without another model call [13.61ms]
(pass) reflection memory deltas preserve older contact notes when learning a new relationship preference [11.21ms]
(pass) repo tools stay hidden without owner opt-in and dispatch through the shelf port when enabled [18.32ms]
(pass) owner intents on the self conversation answer deterministically without a model call [9.56ms]
(pass) events on ordinary chats never reach the owner intent resolver [15.56ms]
(pass) a stray action beside a tool request is discarded while the tool runs [10.55ms]
(pass) a tool nested inside the actions array is salvaged and run [9.19ms]
(pass) a {tool:{...}} wrapper inside the actions array is salvaged and run [12.79ms]
(pass) an invalid tool-shaped action stays an action and fails closed [8.04ms]
(pass) an explicit top-level tool wins over a salvaged action tool [9.21ms]
(pass) history-search is offered only when enabled, and pages the conversation through the provider [34.76ms]

 43 pass
 0 fail
 345 expect() calls
Ran 43 tests across 1 file. [1057.00ms]
