[host-run] waiting for shared compute textbutler-search-focused-log (1/4 permits)
[host-run] admitted textbutler-search-focused-log after 0.0s
bun test v1.3.14 (0d9b296a)

scripts/xcb-integration-admission.test.ts:
(pass) reviewed composition binds exact source bytes, both profiles and receipt bytes [17.29ms]
(pass) source hashes and current contact profile identities cannot be replaced [17.21ms]
(pass) missing evidence and incomplete validation records fail closed [7.55ms]
(pass) the exact source inventory rejects omissions, unknown files and unsafe paths before reads [7.09ms]
(pass) unreadable or linked reviewed files cannot satisfy admission [13.03ms]
(pass) unknown receipt fields and malformed schemas do not become evidence [6.95ms]
(pass) post-bundle verification rejects missing or stale source and receipt observations [25.67ms]

packages/textbutler/src/habitat-agent.test.ts:
(pass) JavaScript is owner-granted, executes pure calculations and records only a code digest label [73.23ms]
(pass) JavaScript failures remain bounded observations and the normal two-tool budget applies [151.01ms]
(pass) memory-search reads only the contact archive and retains retrieved source provenance after submission [24.44ms]
(pass) classification and composition share one model call; only an actual receipt creates learning evidence [8.93ms]
(pass) initial reflection is retained without promotion and setup failures have a finite retry budget [15.47ms]
(pass) background evolution replays both plans, judges blinded variants and retains the full evidence chain [17.19ms]
(pass) public search queries refuse identifier shapes, private spans and private proper nouns [0.50ms]
(pass) long ordinary tool observations fit the judge budget without changing stored evidence [42.89ms]
(pass) long escape-heavy tool observations fit the judge budget without changing stored evidence [41.68ms]
(pass) a web-search request under the default plan is refused before any provider call [8.91ms]
(pass) evolution backoff resets its attempt cycle once firstAt ages past six hours [5.33ms]
(pass) recorded episode context follows the champion plan's context window [11.19ms]
(pass) low-confidence outputs carrying actions or tools are clamped to silence [16.37ms]
(pass) the decision contract tells the model shares without an explicit ask stay silent [7.35ms]
(pass) a keyword invocation that the model leaves silent gets one insistent retry; an inferred one stays silent [31.52ms]
(pass) driver outputs that omit the tool field parse as no tool [18.93ms]
(pass) low confidence stays silent and unsupported rich actions cannot be proposed as text [16.76ms]
(pass) submitted episodes retain bounded completed tool outcomes and actual action kinds [14.95ms]
(pass) tool outcomes never become learning episodes after silence, failure, or an over-bound query [27.98ms]
(pass) contact invalidation rejects cached replies and preserves another contact's cache [14.65ms]
(pass) invalidation while loading contact guidance rejects before inference [6.15ms]
(pass) invalidation rejects an in-flight model even when the provider ignores cancellation [7.74ms]
(pass) contact invalidation cancels only its own in-flight evolution [9.51ms]
(pass) tool inventory and dispatch both reject web search on a local driver [7.51ms]
(pass) gateway search rejects private names and phrases found only in owner plan guidance [38.99ms]
(pass) a refused public query stays inside the search budget and a fresh phrasing may still run once [11.88ms]
(pass) repeated private query wording yields specific feedback and a final safe reply [11.53ms]
(pass) an inferred reply cannot present current facts after a refused query echoing its trigger [9.54ms]
(pass) guidance-derived location cannot turn a refused search into invented weather [10.16ms]
(pass) standalone butler help remains answerable after an unnecessary refused search [9.65ms]
(pass) refused search preserves a later tool-backed answer and deliberate silence [48.81ms]
(pass) one web search exhausts the reply's search inventory and dispatch budget [9.33ms]
(pass) meme image availability requires an admitted search result and attachment support [10.68ms]
(pass) learning records all eight accepted actions including the trusted disclosure companion [8.13ms]
(pass) memory fits every tool step and records the final view plus compact prior exposure [21.73ms]
(pass) remembered private names cannot escape through gateway search [10.26ms]
(pass) owner-authored soul details are included in public-search privacy checks [9.91ms]
(pass) reflection learns a long trigger also shown in clipped history without another model call [10.01ms]
(pass) reflection memory deltas preserve older contact notes when learning a new relationship preference [10.71ms]
(pass) repo tools stay hidden without owner opt-in and dispatch through the shelf port when enabled [21.11ms]
(pass) owner intents on the self conversation answer deterministically without a model call [8.61ms]
(pass) events on ordinary chats never reach the owner intent resolver [16.73ms]
(pass) a stray action beside a tool request is discarded while the tool runs [9.61ms]
(pass) a tool nested inside the actions array is salvaged and run [9.12ms]
(pass) a {tool:{...}} wrapper inside the actions array is salvaged and run [10.86ms]
(pass) an invalid tool-shaped action stays an action and fails closed [8.13ms]
(pass) an explicit top-level tool wins over a salvaged action tool [9.63ms]
(pass) history-search is offered only when enabled, and pages the conversation through the provider [33.99ms]

 55 pass
 0 fail
 404 expect() calls
Ran 55 tests across 2 files. [1241.00ms]
