bun test v1.3.14 (0d9b296a)

scripts/xcb-integration-admission.test.ts:
(pass) reviewed composition binds exact source bytes, both profiles and receipt bytes [32.55ms]
(pass) source hashes and current contact profile identities cannot be replaced [71.96ms]
(pass) missing evidence and incomplete validation records fail closed [11.11ms]
(pass) the exact source inventory rejects omissions, unknown files and unsafe paths before reads [9.86ms]
(pass) unreadable or linked reviewed files cannot satisfy admission [18.97ms]
(pass) unknown receipt fields and malformed schemas do not become evidence [11.10ms]
(pass) post-bundle verification rejects missing or stale source and receipt observations [36.54ms]

packages/textbutler/src/owner-cli.test.ts:
(pass) owner CLI commands > unknown families pass through and malformed commands do no work [0.97ms]
(pass) owner CLI commands > pause and resume preserve limits, contacts and the exact observed revision [0.29ms]
(pass) owner CLI commands > listing configured connections is read-only and start selects exactly one provider [0.08ms]
(pass) owner CLI commands > enrollment uses an exact candidate and history is an explicit opt-in [0.08ms]
(pass) owner CLI commands > account choice is explicit, preserves disabled state and matches account provider [1.44ms]
(pass) owner CLI commands > ambiguous contact names fail without writing; exact ids win [0.09ms]
(pass) owner CLI commands > labels rename a contact by exact id or unique name without touching reply settings [0.18ms]
(pass) owner CLI commands > mode and activation change only the selected contact settings [0.18ms]
(pass) owner CLI commands > a revision conflict is reported once without retrying the mutation [0.06ms]
(pass) owner CLI commands > habitat configuration resolves one contact and sends the complete plan at its observed habitat revision [1.89ms]
(pass) owner CLI commands > malformed habitat plans and revisions fail before reading state [0.87ms]
(pass) owner CLI commands > a stale habitat revision is reported without retry or a settings mutation [0.09ms]
(pass) owner CLI commands > pending jobs remain addressable and jobs show performs only a read [0.06ms]
(pass) bounded owner job waiting > timeout retains the accepted job and never repeats the original mutation [0.09ms]
(pass) bounded owner job waiting > a disconnected poll retains the job identity [0.08ms]
(pass) bounded owner job waiting > invalid wait configuration fails before a mutation and disconnected responses retain the job [0.08ms]
(pass) bounded owner job waiting > a terminal job response is returned, and zero wait only starts the command once [0.07ms]

packages/textbutler/src/habitat-program.test.ts:
(pass) the contact driver executes a real bounded Algal organism with replayable evidence [15.30ms]
(pass) cancellation before dispatch starts no model and over-bound inputs fail closed [0.29ms]
(pass) the respond instructions require an explicit ask and treat shares without one as context [1.61ms]
(pass) structured personality remains style data and is bound into the replayable manifest [2.07ms]
(pass) respond binds its task inputs, object output and effective host budgets [1.89ms]
(pass) reflect binds its task inputs, object output and effective host budgets [8.64ms]
(pass) judge binds its task inputs, object output and effective host budgets [1.58ms]
(pass) task cancellation joins provider cleanup before rejecting and never repeats an unknown result [76.79ms]
(pass) task object outputs remain enforced and provider failures are not retried [11.81ms]

packages/textbutler/src/habitat-task-shadow.test.ts:
(pass) shadow adoption replays evidence, is revision-bound and leaves the live champion unchanged [82.25ms]
(pass) invalid, mismatched and tampered shadow evidence cannot change habitat state [30.85ms]
(pass) explicit shadow execution returns receipts while ordinary replies retain their host task [11.06ms]
(pass) owner shadow commands resolve one contact, require pause and expose metadata without activation [75.62ms]
(pass) contact adoption and explicit shadow calls reject private examples from another conversation [15.24ms]

packages/textbutler/src/cli-golden.test.ts:
(pass) Textbutler CLI style contract > bare invocation off a terminal is a short, runnable intro [1.33ms]
(pass) Textbutler CLI style contract > root help is grouped, at most 60 lines, and hides internal commands [0.25ms]
(pass) Textbutler CLI style contract > every command and topic has help that exits 0 and fits the terminal [0.78ms]
(pass) Textbutler CLI style contract > --version prints the bin name and version, or JSON [0.31ms]
(pass) Textbutler CLI style contract > unknown commands and topics are one line with a guess and one next step [0.69ms]
(pass) Textbutler CLI style contract > malformed known commands point at their own help [0.86ms]
(pass) Textbutler CLI style contract > errors use ASCII without UTF-8 and JSON for --json or agents [0.31ms]
(pass) Textbutler CLI style contract > doctor is text for people and the full report with --json or for agents [2.38ms]
(pass) Textbutler CLI style contract > a trailing --json is never taken from the text of a literal reply [0.71ms]
(pass) audience and symbols > audience follows HRANESS_AUDIENCE, exact agent markers, then the terminal [0.11ms]
(pass) audience and symbols > symbols fall back to ASCII and suggestions stay within two edits [0.05ms]
(pass) the real entrypoint in a pipe > help | head -1 exits quietly and --help exits 0 off a terminal [926.53ms]

packages/textbutler/src/menubar.test.ts:
(pass) menu label presentation > sanitizes control, newline and bidi text before it reaches a menu row [0.27ms]
(pass) menu label presentation > truncates by unicode scalar values at the bound [0.14ms]
(pass) companion identity > carries the robot status mark and bundled 32x32 tray art [0.24ms]
(pass) companion identity > immediate and login restarts share isolated argv despite planted Bun configuration [60.18ms]
(pass) snapshot menu mapping (T5) > a status line leads, one primary action follows, and the pause toggle reads as a verb [2.37ms]
(pass) snapshot menu mapping (T5) > macOS access needs replace the primary action with the Settings pane [1.71ms]
(pass) snapshot menu mapping (T5) > conversations are bounded, sanitized and toggled per contact [0.71ms]
(pass) snapshot menu mapping (T5) > diagnostics sit under Details with local times and plain activity [2.36ms]
(pass) snapshot menu mapping (T5) > local clock times, never ISO timestamps [0.07ms]
(pass) snapshot menu mapping (T5) > marks unconfirmed and stale states distinctly [0.33ms]
(pass) replies waiting > the primary row carries the waiting count and a suggest action only when sendable [0.61ms]
(pass) replies waiting > suggestions need the full terminal review and only expose discard [0.37ms]
(pass) replies waiting > nothing waiting shows no replies submenu, only the check action [0.16ms]
(pass) replies waiting > stale menu send actions cannot bypass full draft review [57.32ms]
(pass) daemon-backed companion options > support stays available offline and opens only after an explicit action [1.18ms]
(pass) daemon-backed companion options > snapshot maps a live owner daemon response and marks it fresh [41.82ms]
(pass) daemon-backed companion options > an unreachable daemon degrades to a bounded disconnected menu [0.89ms]
(pass) daemon-backed companion options > toggle-pause applies one revision-checked daemon mutation and never retries [39.73ms]
(pass) menubar CLI routing > status reports the shared companion lifecycle, not a LaunchAgent [1.85ms]
(pass) menubar CLI routing > unknown menubar verbs and extra arguments are rejected [0.18ms]
(pass) fully populated menu stays within the native runner's total node budget [4.67ms]
(pass) pending menu operations keep the job ID and a terminal failure clears the busy state [0.95ms]
(pass) failed menu actions (T6) > a daemon refusal shows a ⚠︎ row with its plain sentence until the next action [1.18ms]
(pass) failed menu actions (T6) > the row goes away at the first refresh after thirty seconds [0.72ms]
(pass) failed menu actions (T6) > a job that is still running shows the pending row, not a ⚠︎ row [0.54ms]
(pass) failed menu actions (T6) > unexpected errors never show their own text [0.52ms]
(pass) failed menu actions (T6) > every failure row is short, sentence case and free of codes [0.75ms]
(pass) Quit Textbutler ends the menu process > the foreground menu exits once the runner closes, even with a daemon wait still open [1100.46ms]
(pass) Quit Textbutler ends the menu process > lifecycle verbs return normally and never exit the caller [1102.47ms]
(pass) Quit Textbutler ends the menu process > the exit timer never holds the process open by itself [180.37ms]
(pass) menu through TextButler.app (T7) > the switch is off unless HRANESS_LOCAL_APP=1 [0.25ms]
(pass) menu through TextButler.app (T7) > with a verified app, start and login run the app's menu role with no arguments [0.12ms]
(pass) menu through TextButler.app (T7) > only start and install look up the app; its own foreground run never relaunches it [0.15ms]

packages/textbutler/src/control-service.test.ts:
(pass) persistent owner control service > provider shutdown failure still closes the private journal before custody can be released [38.00ms]
(pass) persistent owner control service > fresh initialization is paused with no invented contacts or available provider capabilities [12.47ms]
(pass) persistent owner control service > qualified XCB accounts survive the provider host and serialized control snapshot [17.97ms]
(pass) persistent owner control service > ready account snapshots still require models, route identity and qualified account state [13.35ms]
(pass) persistent owner control service > settings writes are conditional, persist to disk, and remain outside contact memory [15.33ms]
(pass) persistent owner control service > owner habitat configuration is strict and conditional without changing settings or other contacts [16.79ms]
(pass) persistent owner control service > habitat configure rejects unsupported plan fields and unsafe revisions before mutation [14.10ms]
(pass) persistent owner control service > habitat mutations require pause and notify only after successful mutation [19.41ms]
(pass) persistent owner control service > learned memory is inspectable and owner clearing is conditional, isolated and exact [17.19ms]
(pass) persistent owner control service > habitats show exposes claimed unknown work, live cancellation and receipt identities without new writes [18.14ms]
(pass) persistent owner control service > habitat inspection includes bounded tool evidence without reply bodies and reports omitted entries [26.91ms]
(pass) persistent owner control service > capacity and explicit contact identity are enforced on real settings [16.84ms]
(pass) persistent owner control service > contact labels update display names revision-checked without touching reply settings [16.38ms]
(pass) persistent owner control service > the repo allowlist round-trips through ordinary settings writes [18.19ms]
(pass) persistent owner control service > memory revisions detect agent changes and do not share the settings revision [29.22ms]
(pass) persistent owner control service > unknown fields, direct send commands and traversal never reach a handler [0.27ms]
(pass) persistent owner control service > account selection is explicit and older settings retain their existing binding [24.36ms]
(pass) persistent owner control service > a maximal provider configuration still yields a parseable snapshot [16.04ms]
(pass) persistent owner control service > the Devin subscription account is selectable only for the Devin provider [20.25ms]
(pass) persistent owner control service > provider checks use bounded owner jobs without changing settings or blocking pause [22.18ms]
(pass) persistent owner control service > activity projects actual journal runs [19.78ms]
(pass) persistent owner control service > unsafe owner settings and linked contact parents fail without exposing or overwriting files [17.50ms]
(pass) owner reply triage through the control surface > history, capabilities and explicit rich drafts use bounded owner jobs without dispatch [76.01ms]
(pass) owner reply triage through the control surface > settled manual habitat suggestions release their scopes after success, failure and silence [3219.72ms]
(pass) owner reply triage through the control surface > message command parsing rejects unbounded history and arbitrary actions or paths [0.47ms]
(pass) owner reply triage through the control surface > scan, suggest, send and discard stay behind owner commands [112.06ms]
(pass) owner reply triage through the control surface > reply commands fail closed without messaging automation and never invent sends [28.17ms]
(pass) owner reply triage through the control surface > reply request parsing rejects empty text, mixed send forms and extra fields [0.30ms]
(pass) owner reply triage through the control surface > literal replies bound to an old preview are rejected before an owner send job [43.05ms]
(pass) owner reply triage through the control surface > shutdown cannot acknowledge an unpublished grant or erase uncertain revocation [31.06ms]
(pass) owner reply triage through the control surface > a job deadline during grant cleanup cannot erase a submitted send receipt [34.23ms]
(pass) owner reply triage through the control surface > owner settings can explicitly clear disclosure markers [18.00ms]

 115 pass
 0 fail
 4 snapshots, 1548 expect() calls
Ran 115 tests across 7 files. [8.25s]
