bun test v1.3.14 (0d9b296a)

scripts/xcb-integration-admission.test.ts:
(pass) reviewed composition binds exact source bytes, both profiles and receipt bytes [22.80ms]
(pass) source hashes and current contact profile identities cannot be replaced [22.24ms]
(pass) missing evidence and incomplete validation records fail closed [10.72ms]
(pass) the exact source inventory rejects omissions, unknown files and unsafe paths before reads [8.37ms]
(pass) unreadable or linked reviewed files cannot satisfy admission [15.38ms]
(pass) unknown receipt fields and malformed schemas do not become evidence [8.82ms]
(pass) post-bundle verification rejects missing or stale source and receipt observations [28.38ms]

packages/textbutler/src/owner-cli.test.ts:
(pass) owner CLI commands > unknown families pass through and malformed commands do no work [0.63ms]
(pass) owner CLI commands > pause and resume preserve limits, contacts and the exact observed revision [0.18ms]
(pass) owner CLI commands > listing configured connections is read-only and start selects exactly one provider [0.17ms]
(pass) owner CLI commands > enrollment uses an exact candidate and history is an explicit opt-in [0.13ms]
(pass) owner CLI commands > account choice is explicit, preserves disabled state and matches account provider [1.21ms]
(pass) owner CLI commands > ambiguous contact names fail without writing; exact ids win [0.08ms]
(pass) owner CLI commands > mode and activation change only the selected contact settings [0.14ms]
(pass) owner CLI commands > a revision conflict is reported once without retrying the mutation [0.06ms]
(pass) owner CLI commands > habitat configuration resolves one contact and sends the complete plan at its observed habitat revision [1.52ms]
(pass) owner CLI commands > malformed habitat plans and revisions fail before reading state [0.72ms]
(pass) owner CLI commands > a stale habitat revision is reported without retry or a settings mutation [0.08ms]
(pass) owner CLI commands > pending jobs remain addressable and jobs show performs only a read [0.06ms]
(pass) bounded owner job waiting > timeout retains the accepted job and never repeats the original mutation [0.09ms]
(pass) bounded owner job waiting > a disconnected poll retains the job identity [0.07ms]
(pass) bounded owner job waiting > invalid wait configuration fails before a mutation and disconnected responses retain the job [0.07ms]
(pass) bounded owner job waiting > a terminal job response is returned, and zero wait only starts the command once [0.06ms]

packages/textbutler/src/habitat-program.test.ts:
(pass) the contact driver executes a real bounded Algal organism with replayable evidence [13.06ms]
(pass) cancellation before dispatch starts no model and over-bound inputs fail closed [0.25ms]
(pass) the respond instructions require an explicit ask and treat shares without one as context [1.14ms]
(pass) structured personality remains style data and is bound into the replayable manifest [1.68ms]
(pass) respond binds its task inputs, object output and effective host budgets [1.99ms]
(pass) reflect binds its task inputs, object output and effective host budgets [1.57ms]
(pass) judge binds its task inputs, object output and effective host budgets [1.20ms]
(pass) task cancellation joins provider cleanup before rejecting and never repeats an unknown result [13.98ms]
(pass) task object outputs remain enforced and provider failures are not retried [3.38ms]

packages/textbutler/src/habitat-study.test.ts:
(pass) private capture exports observed evidence without labeling, mutating or overwriting [45.81ms]

packages/textbutler/src/habitat-task-shadow.test.ts:
(pass) shadow adoption replays evidence, is revision-bound and leaves the live champion unchanged [66.56ms]
(pass) invalid, mismatched and tampered shadow evidence cannot change habitat state [25.73ms]
(pass) explicit shadow execution returns receipts while ordinary replies retain their host task [9.43ms]
(pass) owner shadow commands resolve one contact, require pause and expose metadata without activation [63.74ms]
(pass) contact adoption and explicit shadow calls reject private examples from another conversation [13.51ms]

packages/textbutler/src/contact-habitat.test.ts:
(pass) the default plan guidance requires an explicit ask for a reply [0.48ms]
(pass) habitats are isolated, reads are inert, and replayed reply observations are idempotent [2.17ms]
(pass) follow-up windows ignore echoes, unrelated reactions, old messages and duplicates [1.09ms]
(pass) initial reflection and bounded follow-up review are separate at-most-once checkpoints [2.54ms]
(pass) silence is unknown, does not promote, and an interrupted checkpoint is not replayed [0.80ms]
(pass) only evidence-bound improvement with no case regressions promotes; rollback retains lineage [2.40ms]
(pass) evolution cannot flip egress flags; identical flags still promote [7.38ms]
(pass) a rolled-back plan is denied re-promotion by a later evaluation [2.65ms]
(pass) states stored before rollback tombstones still parse [0.42ms]
(pass) submitted replies without accepted IDs remain visible but cannot trigger evolution [0.34ms]
(pass) plans cannot add authorities, unbounded context, or executable programs [0.37ms]
(pass) owner configuration seeds one personality, records its baseline, and rejects stale writes [0.70ms]
(pass) personality can evolve with feedback while owner tool choices stay fixed [3.46ms]
(pass) owner changes invalidate pending evolution even if the plan returns to identical bytes [1.69ms]
(pass) evolved candidates cannot grant themselves repository access [4.17ms]
(pass) a new owner baseline preserves history and cannot roll back to older tool grants [2.20ms]
(pass) legacy plans and replies retain their identities without synthetic personality or tool fields [0.52ms]
(pass) submitted tool observations are bounded and part of reply identity [0.89ms]
(pass) owner configuration preserves rejection history and invalidates pending initial reflection [3.83ms]
(pass) source-backed memory persists separately per contact with codepoint-safe attribution [2.18ms]
(pass) memory refuses invented, duplicate, reaction, future, and contradictory source IDs [2.57ms]
(pass) memory copies reconcile proven clipped views but reject same-ID source changes [1.02ms]
(pass) owner, memory, and source changes invalidate pending retention without overwriting newer state [1.45ms]
(pass) owner clear blocks in-flight and later resurrection while preserving personality history [1.22ms]
(pass) categorized memory deltas accumulate beyond active recall and preserve unmentioned sources [2.48ms]
(pass) deltas upgrade proven shorter excerpts without changing provenance or losing category [1.06ms]
(pass) archive eviction is deterministic by source age and bounded by encoded JSON bytes [6.58ms]
(pass) memory deltas reject inventions, contradictory edits, extra text, and oversized changes atomically [3.04ms]
(pass) delta retention keeps source, owner, ledger, and clear-cutoff concurrency guards [1.96ms]
(pass) expanded archives do not expand body snapshots or reference-only exposure limits [0.96ms]
(pass) owner soul anchors remain fixed while style adapts and legacy plan identities stay exact [3.88ms]
(pass) JavaScript tool evidence contains only a source digest while local memory search keeps bounded results [0.64ms]
(pass) operation inspection is read-only and never turns a claimed unknown outcome back into queued work [1.05ms]

packages/textbutler/src/control-service.test.ts:
(pass) persistent owner control service > provider shutdown failure still closes the private journal before custody can be released [29.79ms]
(pass) persistent owner control service > fresh initialization is paused with no invented contacts or available provider capabilities [21.22ms]
(pass) persistent owner control service > qualified XCB accounts survive the provider host and serialized control snapshot [136.80ms]
(pass) persistent owner control service > ready account snapshots still require models, route identity and qualified account state [152.11ms]
(pass) persistent owner control service > settings writes are conditional, persist to disk, and remain outside contact memory [126.80ms]
(pass) persistent owner control service > owner habitat configuration is strict and conditional without changing settings or other contacts [49.58ms]
(pass) persistent owner control service > habitat configure rejects unsupported plan fields and unsafe revisions before mutation [33.13ms]
(pass) persistent owner control service > habitat mutations require pause and notify only after successful mutation [52.17ms]
(pass) persistent owner control service > learned memory is inspectable and owner clearing is conditional, isolated and exact [41.51ms]
(pass) persistent owner control service > habitats show exposes claimed unknown work, live cancellation and receipt identities without new writes [36.43ms]
(pass) persistent owner control service > habitat inspection includes bounded tool evidence without reply bodies and reports omitted entries [46.20ms]
(pass) persistent owner control service > capacity and explicit contact identity are enforced on real settings [110.52ms]
(pass) persistent owner control service > the repo allowlist round-trips through ordinary settings writes [69.02ms]
(pass) persistent owner control service > memory revisions detect agent changes and do not share the settings revision [49.51ms]
(pass) persistent owner control service > unknown fields, direct send commands and traversal never reach a handler [0.48ms]
(pass) persistent owner control service > account selection is explicit and older settings retain their existing binding [171.78ms]
(pass) persistent owner control service > a maximal provider configuration still yields a parseable snapshot [35.16ms]
(pass) persistent owner control service > the Devin subscription account is selectable only for the Devin provider [35.06ms]
(pass) persistent owner control service > provider checks use bounded owner jobs without changing settings or blocking pause [40.10ms]
(pass) persistent owner control service > activity projects actual journal runs [123.33ms]
(pass) persistent owner control service > unsafe owner settings and linked contact parents fail without exposing or overwriting files [36.77ms]
(pass) owner reply triage through the control surface > history, capabilities and explicit rich drafts use bounded owner jobs without dispatch [84.14ms]
(pass) owner reply triage through the control surface > settled manual habitat suggestions release their scopes after success, failure and silence [4552.32ms]
(pass) owner reply triage through the control surface > message command parsing rejects unbounded history and arbitrary actions or paths [0.46ms]
(pass) owner reply triage through the control surface > scan, suggest, send and discard stay behind owner commands [77.12ms]
(pass) owner reply triage through the control surface > reply commands fail closed without messaging automation and never invent sends [16.48ms]
(pass) owner reply triage through the control surface > reply request parsing rejects empty text, mixed send forms and extra fields [0.23ms]
(pass) owner reply triage through the control surface > literal replies bound to an old preview are rejected before an owner send job [30.39ms]
(pass) owner reply triage through the control surface > shutdown cannot acknowledge an unpublished grant or erase uncertain revocation [21.58ms]
(pass) owner reply triage through the control surface > a job deadline during grant cleanup cannot erase a submitted send receipt [22.71ms]
(pass) owner reply triage through the control surface > owner settings can explicitly clear disclosure markers [11.82ms]

 102 pass
 0 fail
 1279 expect() calls
Ran 102 tests across 7 files. [6.86s]
